The following modules were not unloaded:
  (Use "module --force purge" to unload all):

  1) csc-tools
[rank: 0] Seed set to 42
[rank: 1] Seed set to 42
Traceback (most recent call last):
  File "/projappl/project_2012747/mars/MarS/custom_code/training/train_Ensemble_Model_lightning.py", line 254, in <module>
    main()
  File "/projappl/project_2012747/mars/MarS/custom_code/training/train_Ensemble_Model_lightning.py", line 200, in main
Traceback (most recent call last):
  File "/projappl/project_2012747/mars/MarS/custom_code/training/train_Ensemble_Model_lightning.py", line 254, in <module>
    dm = EnsembleDataModule(
         ^^^^^^^^^^^^^^^^^^^
TypeError: EnsembleDataModule.__init__() got an unexpected keyword argument 'array_path'
    main()
  File "/projappl/project_2012747/mars/MarS/custom_code/training/train_Ensemble_Model_lightning.py", line 200, in main
    dm = EnsembleDataModule(
         ^^^^^^^^^^^^^^^^^^^
TypeError: EnsembleDataModule.__init__() got an unexpected keyword argument 'array_path'

real	0m14.803s
user	0m11.919s
sys	0m1.539s

real	0m14.824s
user	0m11.922s
sys	0m1.521s
srun: error: r01g01: tasks 0-1: Exited with exit code 1
srun: Terminating StepId=31691447.0
