The following modules were not unloaded:
  (Use "module --force purge" to unload all):

  1) csc-tools
usage: train_Ensemble_Model_lightning.py [-h] [--parquets_dir PARQUETS_DIR]
                                         [--next1s_dir NEXT1S_DIR]
                                         [--array_path ARRAY_PATH]
                                         [--batch_size BATCH_SIZE]
                                         [--val_frac VAL_FRAC] [--seed SEED]
                                         [--num_workers NUM_WORKERS]
                                         --order_vocab_size ORDER_VOCAB_SIZE
                                         [--batch_vocab_size BATCH_VOCAB_SIZE]
                                         [--d_model D_MODEL]
                                         [--num_layers NUM_LAYERS]
                                         [--num_heads NUM_HEADS] [--lr LR]
                                         [--max_steps MAX_STEPS]
                                         [--precision {32-true,16-mixed,bf16-mixed}]
train_Ensemble_Model_lightning.py: error: argument --array_path: expected one argument
usage: train_Ensemble_Model_lightning.py [-h] [--parquets_dir PARQUETS_DIR]
                                         [--next1s_dir NEXT1S_DIR]
                                         [--array_path ARRAY_PATH]
                                         [--batch_size BATCH_SIZE]
                                         [--val_frac VAL_FRAC] [--seed SEED]
                                         [--num_workers NUM_WORKERS]
                                         --order_vocab_size ORDER_VOCAB_SIZE
                                         [--batch_vocab_size BATCH_VOCAB_SIZE]
                                         [--d_model D_MODEL]
                                         [--num_layers NUM_LAYERS]
                                         [--num_heads NUM_HEADS] [--lr LR]
                                         [--max_steps MAX_STEPS]
                                         [--precision {32-true,16-mixed,bf16-mixed}]
train_Ensemble_Model_lightning.py: error: argument --array_path: expected one argument

real	0m13.127s
user	0m11.990s
sys	0m1.467s

real	0m13.114s
user	0m11.970s
sys	0m1.470s
srun: error: r01g01: tasks 0-1: Exited with exit code 2
srun: Terminating StepId=31691438.0
