The following modules were not unloaded:
  (Use "module --force purge" to unload all):

  1) csc-tools
[rank: 1] Seed set to 42
[rank: 0] Seed set to 42
Using bfloat16 Automatic Mixed Precision (AMP)
GPU available: True (cuda), used: True
TPU available: False, using: 0 TPU cores
💡 Tip: For seamless cloud logging and experiment tracking, try installing [litlogger](https://pypi.org/project/litlogger/) to enable LitLogger, which logs metrics and artifacts automatically to the Lightning Experiments platform.
Initializing distributed: GLOBAL_RANK: 0, MEMBER: 1/2
[W207 19:08:43.748533079 socket.cpp:759] [c10d] The client socket cannot be initialized to connect to [r01g01.bullx]:19795 (errno: 97 - Address family not supported by protocol).
Initializing distributed: GLOBAL_RANK: 1, MEMBER: 2/2
[W207 19:08:43.821248361 socket.cpp:759] [c10d] The client socket cannot be initialized to connect to [r01g01.bullx]:19795 (errno: 97 - Address family not supported by protocol).
----------------------------------------------------------------------------------------------------
distributed_backend=nccl
All distributed processes registered. Starting with 2 processes
----------------------------------------------------------------------------------------------------

[rank0]: Traceback (most recent call last):
[rank0]:   File "/projappl/project_2012747/mars/MarS/custom_code/training/train_Ensemble_Model_lightning.py", line 299, in <module>
[rank0]:     main()
[rank0]:   File "/projappl/project_2012747/mars/MarS/custom_code/training/train_Ensemble_Model_lightning.py", line 294, in main
[rank0]:     trainer.fit(model, dm)
[rank0]:   File "/PUHTI_TYKKY_Quvj2Tb/miniforge/envs/env1/lib/python3.12/site-packages/lightning/pytorch/trainer/trainer.py", line 584, in fit
[rank0]:     call._call_and_handle_interrupt(
[rank0]:   File "/PUHTI_TYKKY_Quvj2Tb/miniforge/envs/env1/lib/python3.12/site-packages/lightning/pytorch/trainer/call.py", line 48, in _call_and_handle_interrupt
[rank0]:     return trainer.strategy.launcher.launch(trainer_fn, *args, trainer=trainer, **kwargs)
[rank0]:            ^^^^^^^^^^^^^^^^^^^^^^^^^^^^^^^^^^^^^^^^^^^^^^^^^^^^^^^^^^^^^^^^^^^^^^^^^^^^^^
[rank0]:   File "/PUHTI_TYKKY_Quvj2Tb/miniforge/envs/env1/lib/python3.12/site-packages/lightning/pytorch/strategies/launchers/subprocess_script.py", line 105, in launch
[rank0]:     return function(*args, **kwargs)
[rank0]:            ^^^^^^^^^^^^^^^^^^^^^^^^^
[rank0]:   File "/PUHTI_TYKKY_Quvj2Tb/miniforge/envs/env1/lib/python3.12/site-packages/lightning/pytorch/trainer/trainer.py", line 630, in _fit_impl
[rank0]:     self._run(model, ckpt_path=ckpt_path, weights_only=weights_only)
[rank0]:   File "/PUHTI_TYKKY_Quvj2Tb/miniforge/envs/env1/lib/python3.12/site-packages/lightning/pytorch/trainer/trainer.py", line 1039, in _run
[rank0]:     call._call_setup_hook(self)  # allow user to set up LightningModule in accelerator environment
[rank0]:     ^^^^^^^^^^^^^^^^^^^^^^^^^^^
[rank0]:   File "/PUHTI_TYKKY_Quvj2Tb/miniforge/envs/env1/lib/python3.12/site-packages/lightning/pytorch/trainer/call.py", line 108, in _call_setup_hook
[rank0]:     _call_lightning_datamodule_hook(trainer, "setup", stage=fn)
[rank0]:   File "/PUHTI_TYKKY_Quvj2Tb/miniforge/envs/env1/lib/python3.12/site-packages/lightning/pytorch/trainer/call.py", line 199, in _call_lightning_datamodule_hook
[rank0]:     return fn(*args, **kwargs)
[rank0]:            ^^^^^^^^^^^^^^^^^^^
[rank0]:   File "/projappl/project_2012747/mars/MarS/custom_code/training/train_Ensemble_Model_lightning.py", line 84, in setup
[rank0]:     ds = MultiFileEnsembleDataset(
[rank0]:          ^^^^^^^^^^^^^^^^^^^^^^^^^
[rank0]:   File "/projappl/project_2012747/mars/MarS/market_simulation/models/utils_ensemble_model.py", line 65, in __init__
[rank0]:     raise FileNotFoundError(
[rank0]: FileNotFoundError: No matching (parquet, zarr) pairs found.
[rank0]: parquets_dir=../../data/ensemble_model/features pattern=features_*_cut.parquet
[rank0]: next1s_dir=../../data/ensemble_model/next1s/_unzipped pattern=next1_tokens_*.zarr
[rank1]: Traceback (most recent call last):
[rank1]:   File "/projappl/project_2012747/mars/MarS/custom_code/training/train_Ensemble_Model_lightning.py", line 299, in <module>
[rank1]:     main()
[rank1]:   File "/projappl/project_2012747/mars/MarS/custom_code/training/train_Ensemble_Model_lightning.py", line 294, in main
[rank1]:     trainer.fit(model, dm)
[rank1]:   File "/PUHTI_TYKKY_Quvj2Tb/miniforge/envs/env1/lib/python3.12/site-packages/lightning/pytorch/trainer/trainer.py", line 584, in fit
[rank1]:     call._call_and_handle_interrupt(
[rank1]:   File "/PUHTI_TYKKY_Quvj2Tb/miniforge/envs/env1/lib/python3.12/site-packages/lightning/pytorch/trainer/call.py", line 48, in _call_and_handle_interrupt
[rank1]:     return trainer.strategy.launcher.launch(trainer_fn, *args, trainer=trainer, **kwargs)
[rank1]:            ^^^^^^^^^^^^^^^^^^^^^^^^^^^^^^^^^^^^^^^^^^^^^^^^^^^^^^^^^^^^^^^^^^^^^^^^^^^^^^
[rank1]:   File "/PUHTI_TYKKY_Quvj2Tb/miniforge/envs/env1/lib/python3.12/site-packages/lightning/pytorch/strategies/launchers/subprocess_script.py", line 105, in launch
[rank1]:     return function(*args, **kwargs)
[rank1]:            ^^^^^^^^^^^^^^^^^^^^^^^^^
[rank1]:   File "/PUHTI_TYKKY_Quvj2Tb/miniforge/envs/env1/lib/python3.12/site-packages/lightning/pytorch/trainer/trainer.py", line 630, in _fit_impl
[rank1]:     self._run(model, ckpt_path=ckpt_path, weights_only=weights_only)
[rank1]:   File "/PUHTI_TYKKY_Quvj2Tb/miniforge/envs/env1/lib/python3.12/site-packages/lightning/pytorch/trainer/trainer.py", line 1039, in _run
[rank1]:     call._call_setup_hook(self)  # allow user to set up LightningModule in accelerator environment
[rank1]:     ^^^^^^^^^^^^^^^^^^^^^^^^^^^
[rank1]:   File "/PUHTI_TYKKY_Quvj2Tb/miniforge/envs/env1/lib/python3.12/site-packages/lightning/pytorch/trainer/call.py", line 108, in _call_setup_hook
[rank1]:     _call_lightning_datamodule_hook(trainer, "setup", stage=fn)
[rank1]:   File "/PUHTI_TYKKY_Quvj2Tb/miniforge/envs/env1/lib/python3.12/site-packages/lightning/pytorch/trainer/call.py", line 199, in _call_lightning_datamodule_hook
[rank1]:     return fn(*args, **kwargs)
[rank1]:            ^^^^^^^^^^^^^^^^^^^
[rank1]:   File "/projappl/project_2012747/mars/MarS/custom_code/training/train_Ensemble_Model_lightning.py", line 84, in setup
[rank1]:     ds = MultiFileEnsembleDataset(
[rank1]:          ^^^^^^^^^^^^^^^^^^^^^^^^^
[rank1]:   File "/projappl/project_2012747/mars/MarS/market_simulation/models/utils_ensemble_model.py", line 65, in __init__
[rank1]:     raise FileNotFoundError(
[rank1]: FileNotFoundError: No matching (parquet, zarr) pairs found.
[rank1]: parquets_dir=../../data/ensemble_model/features pattern=features_*_cut.parquet
[rank1]: next1s_dir=../../data/ensemble_model/next1s/_unzipped pattern=next1_tokens_*.zarr

real	0m22.353s
user	0m12.841s
sys	0m1.937s

real	0m22.406s
user	0m15.708s
sys	0m2.033s
srun: error: r01g01: tasks 0-1: Exited with exit code 1
srun: Terminating StepId=31694795.0
