The following modules were not unloaded:
  (Use "module --force purge" to unload all):

  1) csc-tools
[rank: 0] Seed set to 42
[rank: 1] Seed set to 42
Using bfloat16 Automatic Mixed Precision (AMP)
GPU available: True (cuda), used: True
TPU available: False, using: 0 TPU cores
💡 Tip: For seamless cloud logging and experiment tracking, try installing [litlogger](https://pypi.org/project/litlogger/) to enable LitLogger, which logs metrics and artifacts automatically to the Lightning Experiments platform.
Initializing distributed: GLOBAL_RANK: 0, MEMBER: 1/2
[W207 12:39:22.154770278 socket.cpp:759] [c10d] The client socket cannot be initialized to connect to [r01g01.bullx]:16054 (errno: 97 - Address family not supported by protocol).
Initializing distributed: GLOBAL_RANK: 1, MEMBER: 2/2
[W207 12:39:22.230533542 socket.cpp:759] [c10d] The client socket cannot be initialized to connect to [r01g01.bullx]:16054 (errno: 97 - Address family not supported by protocol).
----------------------------------------------------------------------------------------------------
distributed_backend=nccl
All distributed processes registered. Starting with 2 processes
----------------------------------------------------------------------------------------------------

/PUHTI_TYKKY_Quvj2Tb/miniforge/envs/env1/lib/python3.12/site-packages/lightning/pytorch/callbacks/model_checkpoint.py:881: Checkpoint directory /scratch/project_2012747/mars_runs/order_batch_model/31691054 exists and is not empty.
LOCAL_RANK: 1 - CUDA_VISIBLE_DEVICES: [0,1]
LOCAL_RANK: 0 - CUDA_VISIBLE_DEVICES: [0,1]
/PUHTI_TYKKY_Quvj2Tb/miniforge/envs/env1/lib/python3.12/site-packages/lightning/pytorch/utilities/model_summary/model_summary.py:242: Precision bf16-mixed is not supported by the model summary.  Estimated model size in MB will not be accurate. Using 32 bits instead.
SLURM auto-requeueing enabled. Setting signal handlers.
SLURM auto-requeueing enabled. Setting signal handlers.
/PUHTI_TYKKY_Quvj2Tb/miniforge/envs/env1/lib/python3.12/site-packages/lightning/pytorch/trainer/connectors/data_connector.py:434: The 'val_dataloader' does not have many workers which may be a bottleneck. Consider increasing the value of the `num_workers` argument` to `num_workers=4` in the `DataLoader` to improve performance.
/PUHTI_TYKKY_Quvj2Tb/miniforge/envs/env1/lib/python3.12/site-packages/lightning/pytorch/trainer/connectors/data_connector.py:434: The 'train_dataloader' does not have many workers which may be a bottleneck. Consider increasing the value of the `num_workers` argument` to `num_workers=4` in the `DataLoader` to improve performance.
Epoch 0, global step 200: 'val_loss' reached 1.96912 (best 1.96912), saving model to '/scratch/project_2012747/mars_runs/order_batch_model/31691054/val=val_loss=1.9691.ckpt' as top 1
Epoch 0, global step 400: 'val_loss' reached 1.73171 (best 1.73171), saving model to '/scratch/project_2012747/mars_runs/order_batch_model/31691054/val=val_loss=1.7317.ckpt' as top 1
Epoch 0, global step 600: 'val_loss' reached 1.63135 (best 1.63135), saving model to '/scratch/project_2012747/mars_runs/order_batch_model/31691054/val=val_loss=1.6313.ckpt' as top 1
Epoch 0, global step 800: 'val_loss' reached 1.56976 (best 1.56976), saving model to '/scratch/project_2012747/mars_runs/order_batch_model/31691054/val=val_loss=1.5698.ckpt' as top 1
Epoch 0, global step 1000: 'val_loss' reached 1.52482 (best 1.52482), saving model to '/scratch/project_2012747/mars_runs/order_batch_model/31691054/val=val_loss=1.5248.ckpt' as top 1
`Trainer.fit` stopped: `max_steps=1000` reached.

real	4m40.972s
user	4m18.147s
sys	0m47.161s

real	4m41.015s
user	4m21.937s
sys	0m41.043s
