The following modules were not unloaded:
  (Use "module --force purge" to unload all):

  1) csc-tools
[rank: 0] Seed set to 42
[rank: 1] Seed set to 42
Using bfloat16 Automatic Mixed Precision (AMP)
GPU available: True (cuda), used: True
TPU available: False, using: 0 TPU cores
💡 Tip: For seamless cloud logging and experiment tracking, try installing [litlogger](https://pypi.org/project/litlogger/) to enable LitLogger, which logs metrics and artifacts automatically to the Lightning Experiments platform.
💡 Tip: For seamless cloud uploads and versioning, try installing [litmodels](https://pypi.org/project/litmodels/) to enable LitModelCheckpoint, which syncs automatically with the Lightning model registry.
Initializing distributed: GLOBAL_RANK: 0, MEMBER: 1/2
[W205 11:54:05.033499850 socket.cpp:759] [c10d] The client socket cannot be initialized to connect to [r15g06.bullx]:19708 (errno: 97 - Address family not supported by protocol).
Initializing distributed: GLOBAL_RANK: 1, MEMBER: 2/2
[W205 11:54:05.095455414 socket.cpp:759] [c10d] The client socket cannot be initialized to connect to [r15g06.bullx]:19708 (errno: 97 - Address family not supported by protocol).
----------------------------------------------------------------------------------------------------
distributed_backend=nccl
All distributed processes registered. Starting with 2 processes
----------------------------------------------------------------------------------------------------

LOCAL_RANK: 0 - CUDA_VISIBLE_DEVICES: [0,1]
LOCAL_RANK: 1 - CUDA_VISIBLE_DEVICES: [0,1]
/PUHTI_TYKKY_Quvj2Tb/miniforge/envs/env1/lib/python3.12/site-packages/lightning/pytorch/utilities/model_summary/model_summary.py:242: Precision bf16-mixed is not supported by the model summary.  Estimated model size in MB will not be accurate. Using 32 bits instead.
SLURM auto-requeueing enabled. Setting signal handlers.
SLURM auto-requeueing enabled. Setting signal handlers.
/PUHTI_TYKKY_Quvj2Tb/miniforge/envs/env1/lib/python3.12/site-packages/lightning/pytorch/trainer/connectors/data_connector.py:434: The 'val_dataloader' does not have many workers which may be a bottleneck. Consider increasing the value of the `num_workers` argument` to `num_workers=4` in the `DataLoader` to improve performance.
/PUHTI_TYKKY_Quvj2Tb/miniforge/envs/env1/lib/python3.12/site-packages/lightning/pytorch/trainer/connectors/data_connector.py:434: The 'train_dataloader' does not have many workers which may be a bottleneck. Consider increasing the value of the `num_workers` argument` to `num_workers=4` in the `DataLoader` to improve performance.
slurmstepd: error: *** JOB 31584708 ON r15g06 CANCELLED AT 2026-02-05T11:58:36 DUE TO TIME LIMIT ***
slurmstepd: error: *** STEP 31584708.0 ON r15g06 CANCELLED AT 2026-02-05T11:58:36 DUE TO TIME LIMIT ***
srun: Job step aborted: Waiting up to 62 seconds for job step to finish.
