python: /projappl/project_2012747/mars/mars_env/bin/python
torch: 2.6.0+cu124 cuda: True
lightning: 2.6.1
2026-02-10 12:08:17,939 - /projappl/project_2012747/mars/MarS/market_simulation/__init__.py:15 - INFO - init logging
2026-02-10 12:08:17,986 - /projappl/project_2012747/mars/MarS/market_simulation/__init__.py:15 - INFO - init logging
PWD = /projappl/project_2012747/mars/MarS/custom_code/training
args.default_root_dir = '/scratch/project_2012747/mars_runs/order_batch_model/31737330'
run_dir(abspath) = /scratch/project_2012747/mars_runs/order_batch_model/31737330
PWD = /projappl/project_2012747/mars/MarS/custom_code/training
args.default_root_dir = '/scratch/project_2012747/mars_runs/order_batch_model/31737330'
run_dir(abspath) = /scratch/project_2012747/mars_runs/order_batch_model/31737330
┏━━━┳━━━━━━━┳━━━━━━━━━━━━━━━━━┳━━━━━━━━┳━━━━━━━┳━━━━━━━┓
┃   ┃ Name  ┃ Type            ┃ Params ┃ Mode  ┃ FLOPs ┃
┡━━━╇━━━━━━━╇━━━━━━━━━━━━━━━━━╇━━━━━━━━╇━━━━━━━╇━━━━━━━┩
│ 0 │ model │ OrderBatchModel │  2.1 M │ train │     0 │
└───┴───────┴─────────────────┴────────┴───────┴───────┘
Trainable params: 2.1 M                                                         
Non-trainable params: 0                                                         
Total params: 2.1 M                                                             
Total estimated model params size (MB): 8                                       
Modules in train mode: 60                                                       
Modules in eval mode: 0                                                         
Total FLOPs: 0                                                                  
>> checkpoint dirpath: /scratch/project_2012747/mars_runs/order_batch_model/31737330
>> checkpoint full path: /scratch/project_2012747/mars_runs/order_batch_model/31737330/val=val_loss=8.9842.ckpt
>> checkpoint dirpath: /scratch/project_2012747/mars_runs/order_batch_model/31737330
>> checkpoint full path: /scratch/project_2012747/mars_runs/order_batch_model/31737330/val=val_loss=8.9842.ckpt
>> checkpoint dirpath: /scratch/project_2012747/mars_runs/order_batch_model/31737330
>> checkpoint full path: /scratch/project_2012747/mars_runs/order_batch_model/31737330/val=val_loss=6.9490.ckpt
>> checkpoint dirpath: /scratch/project_2012747/mars_runs/order_batch_model/31737330
>> checkpoint full path: /scratch/project_2012747/mars_runs/order_batch_model/31737330/val=val_loss=6.9490.ckpt
>> checkpoint dirpath: /scratch/project_2012747/mars_runs/order_batch_model/31737330
>> checkpoint full path: /scratch/project_2012747/mars_runs/order_batch_model/31737330/val=val_loss=5.7131.ckpt
>> checkpoint dirpath: /scratch/project_2012747/mars_runs/order_batch_model/31737330
>> checkpoint full path: /scratch/project_2012747/mars_runs/order_batch_model/31737330/val=val_loss=5.7131.ckpt
>> checkpoint dirpath: /scratch/project_2012747/mars_runs/order_batch_model/31737330
>> checkpoint full path: /scratch/project_2012747/mars_runs/order_batch_model/31737330/val=val_loss=4.4542.ckpt
>> checkpoint dirpath: /scratch/project_2012747/mars_runs/order_batch_model/31737330
>> checkpoint full path: /scratch/project_2012747/mars_runs/order_batch_model/31737330/val=val_loss=4.4542.ckpt
>> checkpoint dirpath: /scratch/project_2012747/mars_runs/order_batch_model/31737330
>> checkpoint full path: /scratch/project_2012747/mars_runs/order_batch_model/31737330/val=val_loss=3.3773.ckpt
>> checkpoint dirpath: /scratch/project_2012747/mars_runs/order_batch_model/31737330
>> checkpoint full path: /scratch/project_2012747/mars_runs/order_batch_model/31737330/val=val_loss=3.3773.ckpt
>> checkpoint dirpath: /scratch/project_2012747/mars_runs/order_batch_model/31737330
>> checkpoint full path: /scratch/project_2012747/mars_runs/order_batch_model/31737330/val=val_loss=2.6872.ckpt
>> checkpoint dirpath: /scratch/project_2012747/mars_runs/order_batch_model/31737330
>> checkpoint full path: /scratch/project_2012747/mars_runs/order_batch_model/31737330/val=val_loss=2.6872.ckpt
>> checkpoint dirpath: /scratch/project_2012747/mars_runs/order_batch_model/31737330
>> checkpoint full path: /scratch/project_2012747/mars_runs/order_batch_model/31737330/val=val_loss=2.3364.ckpt
>> checkpoint dirpath: /scratch/project_2012747/mars_runs/order_batch_model/31737330
>> checkpoint full path: /scratch/project_2012747/mars_runs/order_batch_model/31737330/val=val_loss=2.3364.ckpt
>> checkpoint dirpath: /scratch/project_2012747/mars_runs/order_batch_model/31737330
>> checkpoint full path: /scratch/project_2012747/mars_runs/order_batch_model/31737330/val=val_loss=2.1667.ckpt
>> checkpoint dirpath: /scratch/project_2012747/mars_runs/order_batch_model/31737330
>> checkpoint full path: /scratch/project_2012747/mars_runs/order_batch_model/31737330/val=val_loss=2.1667.ckpt
>> checkpoint dirpath: /scratch/project_2012747/mars_runs/order_batch_model/31737330
>> checkpoint full path: /scratch/project_2012747/mars_runs/order_batch_model/31737330/val=val_loss=2.0683.ckpt
>> checkpoint dirpath: /scratch/project_2012747/mars_runs/order_batch_model/31737330
>> checkpoint full path: /scratch/project_2012747/mars_runs/order_batch_model/31737330/val=val_loss=2.0683.ckpt
>> checkpoint dirpath: /scratch/project_2012747/mars_runs/order_batch_model/31737330
>> checkpoint full path: /scratch/project_2012747/mars_runs/order_batch_model/31737330/val=val_loss=2.0022.ckpt
>> checkpoint dirpath: /scratch/project_2012747/mars_runs/order_batch_model/31737330
>> checkpoint full path: /scratch/project_2012747/mars_runs/order_batch_model/31737330/val=val_loss=2.0022.ckpt
>> checkpoint dirpath: /scratch/project_2012747/mars_runs/order_batch_model/31737330
>> checkpoint full path: /scratch/project_2012747/mars_runs/order_batch_model/31737330/val=val_loss=1.9555.ckpt
>> checkpoint dirpath: /scratch/project_2012747/mars_runs/order_batch_model/31737330
>> checkpoint full path: /scratch/project_2012747/mars_runs/order_batch_model/31737330/val=val_loss=1.9555.ckpt
>> checkpoint dirpath: /scratch/project_2012747/mars_runs/order_batch_model/31737330
>> checkpoint full path: /scratch/project_2012747/mars_runs/order_batch_model/31737330/val=val_loss=1.9107.ckpt
>> checkpoint dirpath: /scratch/project_2012747/mars_runs/order_batch_model/31737330
>> checkpoint full path: /scratch/project_2012747/mars_runs/order_batch_model/31737330/val=val_loss=1.9107.ckpt
>> checkpoint dirpath: /scratch/project_2012747/mars_runs/order_batch_model/31737330
>> checkpoint full path: /scratch/project_2012747/mars_runs/order_batch_model/31737330/val=val_loss=1.8681.ckpt
>> checkpoint dirpath: /scratch/project_2012747/mars_runs/order_batch_model/31737330
>> checkpoint full path: /scratch/project_2012747/mars_runs/order_batch_model/31737330/val=val_loss=1.8681.ckpt
>> checkpoint dirpath: /scratch/project_2012747/mars_runs/order_batch_model/31737330
>> checkpoint full path: /scratch/project_2012747/mars_runs/order_batch_model/31737330/val=val_loss=1.8253.ckpt
>> checkpoint dirpath: /scratch/project_2012747/mars_runs/order_batch_model/31737330
>> checkpoint full path: /scratch/project_2012747/mars_runs/order_batch_model/31737330/val=val_loss=1.8253.ckpt
>> checkpoint dirpath: /scratch/project_2012747/mars_runs/order_batch_model/31737330
>> checkpoint full path: /scratch/project_2012747/mars_runs/order_batch_model/31737330/val=val_loss=1.7883.ckpt
>> checkpoint dirpath: /scratch/project_2012747/mars_runs/order_batch_model/31737330
>> checkpoint full path: /scratch/project_2012747/mars_runs/order_batch_model/31737330/val=val_loss=1.7883.ckpt
>> checkpoint dirpath: /scratch/project_2012747/mars_runs/order_batch_model/31737330
>> checkpoint full path: /scratch/project_2012747/mars_runs/order_batch_model/31737330/val=val_loss=1.7503.ckpt
>> checkpoint dirpath: /scratch/project_2012747/mars_runs/order_batch_model/31737330
>> checkpoint full path: /scratch/project_2012747/mars_runs/order_batch_model/31737330/val=val_loss=1.7503.ckpt
>> checkpoint dirpath: /scratch/project_2012747/mars_runs/order_batch_model/31737330
>> checkpoint full path: /scratch/project_2012747/mars_runs/order_batch_model/31737330/val=val_loss=1.7135.ckpt
>> checkpoint dirpath: /scratch/project_2012747/mars_runs/order_batch_model/31737330
>> checkpoint full path: /scratch/project_2012747/mars_runs/order_batch_model/31737330/val=val_loss=1.7135.ckpt
>> checkpoint dirpath: /scratch/project_2012747/mars_runs/order_batch_model/31737330
>> checkpoint full path: /scratch/project_2012747/mars_runs/order_batch_model/31737330/val=val_loss=1.6803.ckpt
>> checkpoint dirpath: /scratch/project_2012747/mars_runs/order_batch_model/31737330
>> checkpoint full path: /scratch/project_2012747/mars_runs/order_batch_model/31737330/val=val_loss=1.6803.ckpt
>> checkpoint dirpath: /scratch/project_2012747/mars_runs/order_batch_model/31737330
>> checkpoint full path: /scratch/project_2012747/mars_runs/order_batch_model/31737330/val=val_loss=1.6505.ckpt
>> checkpoint dirpath: /scratch/project_2012747/mars_runs/order_batch_model/31737330
>> checkpoint full path: /scratch/project_2012747/mars_runs/order_batch_model/31737330/val=val_loss=1.6505.ckpt
>> checkpoint dirpath: /scratch/project_2012747/mars_runs/order_batch_model/31737330
>> checkpoint full path: /scratch/project_2012747/mars_runs/order_batch_model/31737330/val=val_loss=1.6313.ckpt
>> checkpoint dirpath: /scratch/project_2012747/mars_runs/order_batch_model/31737330
>> checkpoint full path: /scratch/project_2012747/mars_runs/order_batch_model/31737330/val=val_loss=1.6313.ckpt
>> checkpoint dirpath: /scratch/project_2012747/mars_runs/order_batch_model/31737330
>> checkpoint full path: /scratch/project_2012747/mars_runs/order_batch_model/31737330/val=val_loss=1.6047.ckpt
>> checkpoint dirpath: /scratch/project_2012747/mars_runs/order_batch_model/31737330
>> checkpoint full path: /scratch/project_2012747/mars_runs/order_batch_model/31737330/val=val_loss=1.6047.ckpt
