The following modules were not unloaded:
  (Use "module --force purge" to unload all):

  1) csc-tools
[rank: 0] Seed set to 42
[rank: 1] Seed set to 42
Using bfloat16 Automatic Mixed Precision (AMP)
GPU available: True (cuda), used: True
TPU available: False, using: 0 TPU cores
💡 Tip: For seamless cloud logging and experiment tracking, try installing [litlogger](https://pypi.org/project/litlogger/) to enable LitLogger, which logs metrics and artifacts automatically to the Lightning Experiments platform.
Initializing distributed: GLOBAL_RANK: 0, MEMBER: 1/2
[W207 13:00:52.657092195 socket.cpp:759] [c10d] The client socket cannot be initialized to connect to [r01g01.bullx]:16142 (errno: 97 - Address family not supported by protocol).
Initializing distributed: GLOBAL_RANK: 1, MEMBER: 2/2
[W207 13:00:52.738324896 socket.cpp:759] [c10d] The client socket cannot be initialized to connect to [r01g01.bullx]:16142 (errno: 97 - Address family not supported by protocol).
----------------------------------------------------------------------------------------------------
distributed_backend=nccl
All distributed processes registered. Starting with 2 processes
----------------------------------------------------------------------------------------------------

/PUHTI_TYKKY_Quvj2Tb/miniforge/envs/env1/lib/python3.12/site-packages/lightning/pytorch/callbacks/model_checkpoint.py:881: Checkpoint directory /scratch/project_2012747/mars_runs/order_batch_model/31691142 exists and is not empty.
LOCAL_RANK: 1 - CUDA_VISIBLE_DEVICES: [0,1]
LOCAL_RANK: 0 - CUDA_VISIBLE_DEVICES: [0,1]
/PUHTI_TYKKY_Quvj2Tb/miniforge/envs/env1/lib/python3.12/site-packages/lightning/pytorch/utilities/model_summary/model_summary.py:242: Precision bf16-mixed is not supported by the model summary.  Estimated model size in MB will not be accurate. Using 32 bits instead.
SLURM auto-requeueing enabled. Setting signal handlers.
SLURM auto-requeueing enabled. Setting signal handlers.
/PUHTI_TYKKY_Quvj2Tb/miniforge/envs/env1/lib/python3.12/site-packages/lightning/pytorch/trainer/connectors/data_connector.py:434: The 'val_dataloader' does not have many workers which may be a bottleneck. Consider increasing the value of the `num_workers` argument` to `num_workers=4` in the `DataLoader` to improve performance.
/PUHTI_TYKKY_Quvj2Tb/miniforge/envs/env1/lib/python3.12/site-packages/lightning/pytorch/trainer/connectors/data_connector.py:434: The 'train_dataloader' does not have many workers which may be a bottleneck. Consider increasing the value of the `num_workers` argument` to `num_workers=4` in the `DataLoader` to improve performance.
Epoch 0, global step 50: 'val_loss' reached 4.71868 (best 4.71868), saving model to '/scratch/project_2012747/mars_runs/order_batch_model/31691142/val=val_loss=4.7187.ckpt' as top 1
Epoch 0, global step 100: 'val_loss' reached 2.38457 (best 2.38457), saving model to '/scratch/project_2012747/mars_runs/order_batch_model/31691142/val=val_loss=2.3846.ckpt' as top 1
Epoch 0, global step 150: 'val_loss' reached 2.06464 (best 2.06464), saving model to '/scratch/project_2012747/mars_runs/order_batch_model/31691142/val=val_loss=2.0646.ckpt' as top 1
Epoch 0, global step 200: 'val_loss' reached 1.96912 (best 1.96912), saving model to '/scratch/project_2012747/mars_runs/order_batch_model/31691142/val=val_loss=1.9691.ckpt' as top 1
Epoch 0, global step 250: 'val_loss' reached 1.90021 (best 1.90021), saving model to '/scratch/project_2012747/mars_runs/order_batch_model/31691142/val=val_loss=1.9002.ckpt' as top 1
Epoch 0, global step 300: 'val_loss' reached 1.82695 (best 1.82695), saving model to '/scratch/project_2012747/mars_runs/order_batch_model/31691142/val=val_loss=1.8269.ckpt' as top 1
Epoch 0, global step 350: 'val_loss' reached 1.77371 (best 1.77371), saving model to '/scratch/project_2012747/mars_runs/order_batch_model/31691142/val=val_loss=1.7737.ckpt' as top 1
Epoch 0, global step 400: 'val_loss' reached 1.73171 (best 1.73171), saving model to '/scratch/project_2012747/mars_runs/order_batch_model/31691142/val=val_loss=1.7317.ckpt' as top 1
Epoch 0, global step 450: 'val_loss' reached 1.69704 (best 1.69704), saving model to '/scratch/project_2012747/mars_runs/order_batch_model/31691142/val=val_loss=1.6970.ckpt' as top 1
Epoch 0, global step 500: 'val_loss' reached 1.66860 (best 1.66860), saving model to '/scratch/project_2012747/mars_runs/order_batch_model/31691142/val=val_loss=1.6686.ckpt' as top 1
Epoch 0, global step 550: 'val_loss' reached 1.64969 (best 1.64969), saving model to '/scratch/project_2012747/mars_runs/order_batch_model/31691142/val=val_loss=1.6497.ckpt' as top 1
Epoch 0, global step 600: 'val_loss' reached 1.63135 (best 1.63135), saving model to '/scratch/project_2012747/mars_runs/order_batch_model/31691142/val=val_loss=1.6313.ckpt' as top 1
Epoch 0, global step 650: 'val_loss' reached 1.61583 (best 1.61583), saving model to '/scratch/project_2012747/mars_runs/order_batch_model/31691142/val=val_loss=1.6158.ckpt' as top 1
Epoch 0, global step 700: 'val_loss' reached 1.60133 (best 1.60133), saving model to '/scratch/project_2012747/mars_runs/order_batch_model/31691142/val=val_loss=1.6013.ckpt' as top 1
Epoch 0, global step 750: 'val_loss' reached 1.58756 (best 1.58756), saving model to '/scratch/project_2012747/mars_runs/order_batch_model/31691142/val=val_loss=1.5876.ckpt' as top 1
Epoch 0, global step 800: 'val_loss' reached 1.56976 (best 1.56976), saving model to '/scratch/project_2012747/mars_runs/order_batch_model/31691142/val=val_loss=1.5698.ckpt' as top 1
Epoch 0, global step 850: 'val_loss' reached 1.55809 (best 1.55809), saving model to '/scratch/project_2012747/mars_runs/order_batch_model/31691142/val=val_loss=1.5581.ckpt' as top 1
Epoch 0, global step 900: 'val_loss' reached 1.54007 (best 1.54007), saving model to '/scratch/project_2012747/mars_runs/order_batch_model/31691142/val=val_loss=1.5401.ckpt' as top 1
Epoch 0, global step 950: 'val_loss' reached 1.53932 (best 1.53932), saving model to '/scratch/project_2012747/mars_runs/order_batch_model/31691142/val=val_loss=1.5393.ckpt' as top 1
Epoch 0, global step 1000: 'val_loss' reached 1.52482 (best 1.52482), saving model to '/scratch/project_2012747/mars_runs/order_batch_model/31691142/val=val_loss=1.5248.ckpt' as top 1
`Trainer.fit` stopped: `max_steps=1000` reached.

real	4m20.016s
user	4m42.104s
sys	0m52.755s

real	4m20.041s
user	4m49.941s
sys	0m46.111s
