The following modules were not unloaded:
  (Use "module --force purge" to unload all):

  1) csc-tools
usage: train_Order_Batch_Model_lightning.py [-h] [--train_dir TRAIN_DIR]
                                            [--pattern PATTERN]
                                            [--array_path ARRAY_PATH]
                                            [--batch_size BATCH_SIZE]
                                            [--emb_dim EMB_DIM]
                                            [--num_layers NUM_LAYERS]
                                            [--num_heads NUM_HEADS]
                                            [--vocab_size VOCAB_SIZE]
                                            [--lr LR] [--max_steps MAX_STEPS]
                                            [--val_frac VAL_FRAC]
                                            [--seed SEED]
                                            [--num_workers NUM_WORKERS]
                                            [--precision {32-true,16-mixed,bf16-mixed}]
train_Order_Batch_Model_lightning.py: error: unrecognized arguments: --seq_len_batches 16

real	0m50.766s
user	0m9.653s
sys	0m2.305s
srun: error: r04g08: task 0: Exited with exit code 2
srun: Terminating StepId=31659072.0
