The following modules were not unloaded:
  (Use "module --force purge" to unload all):

  1) csc-tools
[rank: 0] Seed set to 42
[rank: 1] Seed set to 42
Using bfloat16 Automatic Mixed Precision (AMP)
GPU available: True (cuda), used: True
TPU available: False, using: 0 TPU cores
💡 Tip: For seamless cloud logging and experiment tracking, try installing [litlogger](https://pypi.org/project/litlogger/) to enable LitLogger, which logs metrics and artifacts automatically to the Lightning Experiments platform.
Initializing distributed: GLOBAL_RANK: 0, MEMBER: 1/2
Initializing distributed: GLOBAL_RANK: 1, MEMBER: 2/2
[W205 15:38:32.020730322 socket.cpp:759] [c10d] The client socket cannot be initialized to connect to [r14g06.bullx]:24649 (errno: 97 - Address family not supported by protocol).
[W205 15:38:32.246587913 socket.cpp:759] [c10d] The client socket cannot be initialized to connect to [r14g06.bullx]:24649 (errno: 97 - Address family not supported by protocol).
----------------------------------------------------------------------------------------------------
distributed_backend=nccl
All distributed processes registered. Starting with 2 processes
----------------------------------------------------------------------------------------------------

/PUHTI_TYKKY_Quvj2Tb/miniforge/envs/env1/lib/python3.12/site-packages/lightning/pytorch/callbacks/model_checkpoint.py:881: Checkpoint directory /projappl/project_2012747/mars/MarS/custom_code/training/checkpoints_batch_order_model exists and is not empty.
LOCAL_RANK: 1 - CUDA_VISIBLE_DEVICES: [0,1]
LOCAL_RANK: 0 - CUDA_VISIBLE_DEVICES: [0,1]
/PUHTI_TYKKY_Quvj2Tb/miniforge/envs/env1/lib/python3.12/site-packages/lightning/pytorch/utilities/model_summary/model_summary.py:242: Precision bf16-mixed is not supported by the model summary.  Estimated model size in MB will not be accurate. Using 32 bits instead.
SLURM auto-requeueing enabled. Setting signal handlers.
SLURM auto-requeueing enabled. Setting signal handlers.
/PUHTI_TYKKY_Quvj2Tb/miniforge/envs/env1/lib/python3.12/site-packages/lightning/pytorch/trainer/connectors/data_connector.py:434: The 'val_dataloader' does not have many workers which may be a bottleneck. Consider increasing the value of the `num_workers` argument` to `num_workers=4` in the `DataLoader` to improve performance.
/PUHTI_TYKKY_Quvj2Tb/miniforge/envs/env1/lib/python3.12/site-packages/lightning/pytorch/trainer/connectors/logger_connector/result.py:433: It is recommended to use `self.log('val_loss', ..., sync_dist=True)` when logging on epoch level in distributed setting to accumulate the metric across devices.
/PUHTI_TYKKY_Quvj2Tb/miniforge/envs/env1/lib/python3.12/site-packages/lightning/pytorch/trainer/connectors/data_connector.py:434: The 'train_dataloader' does not have many workers which may be a bottleneck. Consider increasing the value of the `num_workers` argument` to `num_workers=4` in the `DataLoader` to improve performance.
[rank0]: Traceback (most recent call last):
[rank0]:   File "/projappl/project_2012747/mars/MarS/custom_code/training/train_Order_Batch_Model_lightning.py", line 208, in <module>
[rank0]:     main()
[rank0]:   File "/projappl/project_2012747/mars/MarS/custom_code/training/train_Order_Batch_Model_lightning.py", line 203, in main
[rank0]:     trainer.fit(model, dm)
[rank0]:   File "/PUHTI_TYKKY_Quvj2Tb/miniforge/envs/env1/lib/python3.12/site-packages/lightning/pytorch/trainer/trainer.py", line 584, in fit
[rank0]:     call._call_and_handle_interrupt(
[rank0]:   File "/PUHTI_TYKKY_Quvj2Tb/miniforge/envs/env1/lib/python3.12/site-packages/lightning/pytorch/trainer/call.py", line 48, in _call_and_handle_interrupt
[rank0]:     return trainer.strategy.launcher.launch(trainer_fn, *args, trainer=trainer, **kwargs)
[rank0]:            ^^^^^^^^^^^^^^^^^^^^^^^^^^^^^^^^^^^^^^^^^^^^^^^^^^^^^^^^^^^^^^^^^^^^^^^^^^^^^^
[rank0]:   File "/PUHTI_TYKKY_Quvj2Tb/miniforge/envs/env1/lib/python3.12/site-packages/lightning/pytorch/strategies/launchers/subprocess_script.py", line 105, in launch
[rank0]:     return function(*args, **kwargs)
[rank0]:            ^^^^^^^^^^^^^^^^^^^^^^^^^
[rank0]:   File "/PUHTI_TYKKY_Quvj2Tb/miniforge/envs/env1/lib/python3.12/site-packages/lightning/pytorch/trainer/trainer.py", line 630, in _fit_impl
[rank0]:     self._run(model, ckpt_path=ckpt_path, weights_only=weights_only)
[rank0]:   File "/PUHTI_TYKKY_Quvj2Tb/miniforge/envs/env1/lib/python3.12/site-packages/lightning/pytorch/trainer/trainer.py", line 1079, in _run
[rank0]:     results = self._run_stage()
[rank0]:               ^^^^^^^^^^^^^^^^^
[rank0]:   File "/PUHTI_TYKKY_Quvj2Tb/miniforge/envs/env1/lib/python3.12/site-packages/lightning/pytorch/trainer/trainer.py", line 1123, in _run_stage
[rank0]:     self.fit_loop.run()
[rank0]:   File "/PUHTI_TYKKY_Quvj2Tb/miniforge/envs/env1/lib/python3.12/site-packages/lightning/pytorch/loops/fit_loop.py", line 217, in run
[rank0]:     self.advance()
[rank0]:   File "/PUHTI_TYKKY_Quvj2Tb/miniforge/envs/env1/lib/python3.12/site-packages/lightning/pytorch/loops/fit_loop.py", line 465, in advance
[rank0]:     self.epoch_loop.run(self._data_fetcher)
[rank0]:   File "/PUHTI_TYKKY_Quvj2Tb/miniforge/envs/env1/lib/python3.12/site-packages/lightning/pytorch/loops/training_epoch_loop.py", line 154, in run
[rank0]:     self.on_advance_end(data_fetcher)
[rank0]:   File "/PUHTI_TYKKY_Quvj2Tb/miniforge/envs/env1/lib/python3.12/site-packages/lightning/pytorch/loops/training_epoch_loop.py", line 406, in on_advance_end
[rank0]:     self.val_loop.run()
[rank0]:   File "/PUHTI_TYKKY_Quvj2Tb/miniforge/envs/env1/lib/python3.12/site-packages/lightning/pytorch/loops/utilities.py", line 179, in _decorator
[rank0]:     return loop_run(self, *args, **kwargs)
[rank0]:            ^^^^^^^^^^^^^^^^^^^^^^^^^^^^^^^
[rank0]:   File "/PUHTI_TYKKY_Quvj2Tb/miniforge/envs/env1/lib/python3.12/site-packages/lightning/pytorch/loops/evaluation_loop.py", line 153, in run
[rank0]:     return self.on_run_end()
[rank0]:            ^^^^^^^^^^^^^^^^^
[rank0]:   File "/PUHTI_TYKKY_Quvj2Tb/miniforge/envs/env1/lib/python3.12/site-packages/lightning/pytorch/loops/evaluation_loop.py", line 310, in on_run_end
[rank0]:     self._on_evaluation_end()
[rank0]:   File "/PUHTI_TYKKY_Quvj2Tb/miniforge/envs/env1/lib/python3.12/site-packages/lightning/pytorch/loops/evaluation_loop.py", line 358, in _on_evaluation_end
[rank0]:     call._call_callback_hooks(trainer, hook_name, *args, **kwargs)
[rank0]:   File "/PUHTI_TYKKY_Quvj2Tb/miniforge/envs/env1/lib/python3.12/site-packages/lightning/pytorch/trainer/call.py", line 228, in _call_callback_hooks
[rank0]:     fn(trainer, trainer.lightning_module, *args, **kwargs)
[rank0]:   File "/PUHTI_TYKKY_Quvj2Tb/miniforge/envs/env1/lib/python3.12/site-packages/lightning/pytorch/callbacks/model_checkpoint.py", line 514, in on_validation_end
[rank0]:     self._save_topk_checkpoint(trainer, monitor_candidates)
[rank0]:   File "/PUHTI_TYKKY_Quvj2Tb/miniforge/envs/env1/lib/python3.12/site-packages/lightning/pytorch/callbacks/model_checkpoint.py", line 589, in _save_topk_checkpoint
[rank0]:     self._save_monitor_checkpoint(trainer, monitor_candidates)
[rank0]:   File "/PUHTI_TYKKY_Quvj2Tb/miniforge/envs/env1/lib/python3.12/site-packages/lightning/pytorch/callbacks/model_checkpoint.py", line 932, in _save_monitor_checkpoint
[rank0]:     self._update_best_and_save(current, trainer, monitor_candidates)
[rank0]:   File "/PUHTI_TYKKY_Quvj2Tb/miniforge/envs/env1/lib/python3.12/site-packages/lightning/pytorch/callbacks/model_checkpoint.py", line 984, in _update_best_and_save
[rank0]:     self._save_checkpoint(trainer, filepath)
[rank0]:   File "/PUHTI_TYKKY_Quvj2Tb/miniforge/envs/env1/lib/python3.12/site-packages/lightning/pytorch/callbacks/model_checkpoint.py", line 600, in _save_checkpoint
[rank0]:     trainer.save_checkpoint(filepath, self.save_weights_only)
[rank0]:   File "/PUHTI_TYKKY_Quvj2Tb/miniforge/envs/env1/lib/python3.12/site-packages/lightning/pytorch/trainer/trainer.py", line 1464, in save_checkpoint
[rank0]:     self.strategy.save_checkpoint(checkpoint, filepath, storage_options=storage_options)
[rank0]:   File "/PUHTI_TYKKY_Quvj2Tb/miniforge/envs/env1/lib/python3.12/site-packages/lightning/pytorch/strategies/strategy.py", line 491, in save_checkpoint
[rank0]:     self.checkpoint_io.save_checkpoint(checkpoint, filepath, storage_options=storage_options)
[rank0]:   File "/PUHTI_TYKKY_Quvj2Tb/miniforge/envs/env1/lib/python3.12/site-packages/lightning/fabric/plugins/io/torch_io.py", line 58, in save_checkpoint
[rank0]:     _atomic_save(checkpoint, path)
[rank0]:   File "/PUHTI_TYKKY_Quvj2Tb/miniforge/envs/env1/lib/python3.12/site-packages/lightning/fabric/utilities/cloud_io.py", line 104, in _atomic_save
[rank0]:     f.write(bytesbuffer.getvalue())
[rank0]:   File "/PUHTI_TYKKY_Quvj2Tb/miniforge/envs/env1/lib/python3.12/site-packages/fsspec/implementations/local.py", line 469, in write
[rank0]:     return self.f.write(*args, **kwargs)
[rank0]:            ^^^^^^^^^^^^^^^^^^^^^^^^^^^^^
[rank0]: OSError: [Errno 28] No space left on device

real	9m11.666s
user	4m36.889s
sys	0m33.569s
srun: error: r14g06: task 0: Exited with exit code 1
srun: Terminating StepId=31589649.0
slurmstepd: error: *** STEP 31589649.0 ON r14g06 CANCELLED AT 2026-02-05T15:47:09 ***
srun: error: r14g06: task 1: Terminated
srun: Force Terminated StepId=31589649.0
