The following modules were not unloaded:
  (Use "module --force purge" to unload all):

  1) csc-tools
[rank: 0] Seed set to 42
[rank: 1] Seed set to 42
Using bfloat16 Automatic Mixed Precision (AMP)
GPU available: True (cuda), used: True
TPU available: False, using: 0 TPU cores
💡 Tip: For seamless cloud logging and experiment tracking, try installing [litlogger](https://pypi.org/project/litlogger/) to enable LitLogger, which logs metrics and artifacts automatically to the Lightning Experiments platform.
Initializing distributed: GLOBAL_RANK: 0, MEMBER: 1/2
[W210 12:08:19.616151511 socket.cpp:759] [c10d] The client socket cannot be initialized to connect to [r04g01.bullx]:22330 (errno: 97 - Address family not supported by protocol).
Initializing distributed: GLOBAL_RANK: 1, MEMBER: 2/2
[W210 12:08:19.678768311 socket.cpp:759] [c10d] The client socket cannot be initialized to connect to [r04g01.bullx]:22330 (errno: 97 - Address family not supported by protocol).
----------------------------------------------------------------------------------------------------
distributed_backend=nccl
All distributed processes registered. Starting with 2 processes
----------------------------------------------------------------------------------------------------

/PUHTI_TYKKY_Quvj2Tb/miniforge/envs/env1/lib/python3.12/site-packages/lightning/pytorch/callbacks/model_checkpoint.py:881: Checkpoint directory /scratch/project_2012747/mars_runs/order_batch_model/31737330 exists and is not empty.
LOCAL_RANK: 1 - CUDA_VISIBLE_DEVICES: [0,1]
LOCAL_RANK: 0 - CUDA_VISIBLE_DEVICES: [0,1]
/PUHTI_TYKKY_Quvj2Tb/miniforge/envs/env1/lib/python3.12/site-packages/lightning/pytorch/utilities/model_summary/model_summary.py:242: Precision bf16-mixed is not supported by the model summary.  Estimated model size in MB will not be accurate. Using 32 bits instead.
SLURM auto-requeueing enabled. Setting signal handlers.
SLURM auto-requeueing enabled. Setting signal handlers.
/PUHTI_TYKKY_Quvj2Tb/miniforge/envs/env1/lib/python3.12/site-packages/lightning/pytorch/trainer/connectors/data_connector.py:434: The 'val_dataloader' does not have many workers which may be a bottleneck. Consider increasing the value of the `num_workers` argument` to `num_workers=4` in the `DataLoader` to improve performance.
/PUHTI_TYKKY_Quvj2Tb/miniforge/envs/env1/lib/python3.12/site-packages/lightning/pytorch/trainer/connectors/data_connector.py:434: The 'train_dataloader' does not have many workers which may be a bottleneck. Consider increasing the value of the `num_workers` argument` to `num_workers=4` in the `DataLoader` to improve performance.
Epoch 0, global step 50: 'val_loss' reached 6.94897 (best 6.94897), saving model to '/scratch/project_2012747/mars_runs/order_batch_model/31737330/val=val_loss=6.9490.ckpt' as top 1
Epoch 0, global step 100: 'val_loss' reached 5.71305 (best 5.71305), saving model to '/scratch/project_2012747/mars_runs/order_batch_model/31737330/val=val_loss=5.7131.ckpt' as top 1
Epoch 0, global step 150: 'val_loss' reached 4.45424 (best 4.45424), saving model to '/scratch/project_2012747/mars_runs/order_batch_model/31737330/val=val_loss=4.4542.ckpt' as top 1
Epoch 0, global step 200: 'val_loss' reached 3.37733 (best 3.37733), saving model to '/scratch/project_2012747/mars_runs/order_batch_model/31737330/val=val_loss=3.3773.ckpt' as top 1
Epoch 0, global step 250: 'val_loss' reached 2.68717 (best 2.68717), saving model to '/scratch/project_2012747/mars_runs/order_batch_model/31737330/val=val_loss=2.6872.ckpt' as top 1
Epoch 0, global step 300: 'val_loss' reached 2.33643 (best 2.33643), saving model to '/scratch/project_2012747/mars_runs/order_batch_model/31737330/val=val_loss=2.3364.ckpt' as top 1
Epoch 0, global step 350: 'val_loss' reached 2.16666 (best 2.16666), saving model to '/scratch/project_2012747/mars_runs/order_batch_model/31737330/val=val_loss=2.1667.ckpt' as top 1
Epoch 0, global step 400: 'val_loss' reached 2.06832 (best 2.06832), saving model to '/scratch/project_2012747/mars_runs/order_batch_model/31737330/val=val_loss=2.0683.ckpt' as top 1
Epoch 0, global step 450: 'val_loss' reached 2.00222 (best 2.00222), saving model to '/scratch/project_2012747/mars_runs/order_batch_model/31737330/val=val_loss=2.0022.ckpt' as top 1
Epoch 0, global step 500: 'val_loss' reached 1.95550 (best 1.95550), saving model to '/scratch/project_2012747/mars_runs/order_batch_model/31737330/val=val_loss=1.9555.ckpt' as top 1
Epoch 0, global step 550: 'val_loss' reached 1.91075 (best 1.91075), saving model to '/scratch/project_2012747/mars_runs/order_batch_model/31737330/val=val_loss=1.9107.ckpt' as top 1
Epoch 0, global step 600: 'val_loss' reached 1.86814 (best 1.86814), saving model to '/scratch/project_2012747/mars_runs/order_batch_model/31737330/val=val_loss=1.8681.ckpt' as top 1
Epoch 0, global step 650: 'val_loss' reached 1.82530 (best 1.82530), saving model to '/scratch/project_2012747/mars_runs/order_batch_model/31737330/val=val_loss=1.8253.ckpt' as top 1
Epoch 0, global step 700: 'val_loss' reached 1.78829 (best 1.78829), saving model to '/scratch/project_2012747/mars_runs/order_batch_model/31737330/val=val_loss=1.7883.ckpt' as top 1
Epoch 0, global step 750: 'val_loss' reached 1.75030 (best 1.75030), saving model to '/scratch/project_2012747/mars_runs/order_batch_model/31737330/val=val_loss=1.7503.ckpt' as top 1
Epoch 0, global step 800: 'val_loss' reached 1.71354 (best 1.71354), saving model to '/scratch/project_2012747/mars_runs/order_batch_model/31737330/val=val_loss=1.7135.ckpt' as top 1
Epoch 0, global step 850: 'val_loss' reached 1.68029 (best 1.68029), saving model to '/scratch/project_2012747/mars_runs/order_batch_model/31737330/val=val_loss=1.6803.ckpt' as top 1
Epoch 0, global step 900: 'val_loss' reached 1.65054 (best 1.65054), saving model to '/scratch/project_2012747/mars_runs/order_batch_model/31737330/val=val_loss=1.6505.ckpt' as top 1
Epoch 0, global step 950: 'val_loss' reached 1.63135 (best 1.63135), saving model to '/scratch/project_2012747/mars_runs/order_batch_model/31737330/val=val_loss=1.6313.ckpt' as top 1
Epoch 0, global step 1000: 'val_loss' reached 1.60470 (best 1.60470), saving model to '/scratch/project_2012747/mars_runs/order_batch_model/31737330/val=val_loss=1.6047.ckpt' as top 1
`Trainer.fit` stopped: `max_steps=1000` reached.

real	10m58.908s
user	15m36.723s
sys	2m47.255s

real	10m58.926s
user	15m17.536s
sys	3m16.605s
