The following modules were not unloaded:
  (Use "module --force purge" to unload all):

  1) csc-tools
[rank: 0] Seed set to 7
[rank: 1] Seed set to 7
Using bfloat16 Automatic Mixed Precision (AMP)
GPU available: True (cuda), used: True
TPU available: False, using: 0 TPU cores
💡 Tip: For seamless cloud logging and experiment tracking, try installing [litlogger](https://pypi.org/project/litlogger/) to enable LitLogger, which logs metrics and artifacts automatically to the Lightning Experiments platform.
Initializing distributed: GLOBAL_RANK: 0, MEMBER: 1/2
[W217 22:03:44.550859872 socket.cpp:759] [c10d] The client socket cannot be initialized to connect to [r02g02.bullx]:18678 (errno: 97 - Address family not supported by protocol).
Initializing distributed: GLOBAL_RANK: 1, MEMBER: 2/2
[W217 22:03:44.656337561 socket.cpp:759] [c10d] The client socket cannot be initialized to connect to [r02g02.bullx]:18678 (errno: 97 - Address family not supported by protocol).
----------------------------------------------------------------------------------------------------
distributed_backend=nccl
All distributed processes registered. Starting with 2 processes
----------------------------------------------------------------------------------------------------

/PUHTI_TYKKY_Quvj2Tb/miniforge/envs/env1/lib/python3.12/site-packages/lightning/pytorch/callbacks/model_checkpoint.py:881: Checkpoint directory /projappl/project_2012747/mars/MarS/custom_code/training/checkpoints_order_model exists and is not empty.
LOCAL_RANK: 0 - CUDA_VISIBLE_DEVICES: [0,1]
LOCAL_RANK: 1 - CUDA_VISIBLE_DEVICES: [0,1]
/PUHTI_TYKKY_Quvj2Tb/miniforge/envs/env1/lib/python3.12/site-packages/lightning/pytorch/utilities/model_summary/model_summary.py:242: Precision bf16-mixed is not supported by the model summary.  Estimated model size in MB will not be accurate. Using 32 bits instead.
SLURM auto-requeueing enabled. Setting signal handlers.
SLURM auto-requeueing enabled. Setting signal handlers.
[rank0]: Traceback (most recent call last):
[rank0]:   File "/projappl/project_2012747/mars/MarS/custom_code/training/train_Order_Model_lightning.py", line 186, in <module>
[rank0]:     main()
[rank0]:   File "/projappl/project_2012747/mars/MarS/custom_code/training/train_Order_Model_lightning.py", line 180, in main
[rank0]:     trainer.fit(model, dm)
[rank0]:   File "/PUHTI_TYKKY_Quvj2Tb/miniforge/envs/env1/lib/python3.12/site-packages/lightning/pytorch/trainer/trainer.py", line 584, in fit
[rank0]:     call._call_and_handle_interrupt(
[rank0]:   File "/PUHTI_TYKKY_Quvj2Tb/miniforge/envs/env1/lib/python3.12/site-packages/lightning/pytorch/trainer/call.py", line 48, in _call_and_handle_interrupt
[rank0]:     return trainer.strategy.launcher.launch(trainer_fn, *args, trainer=trainer, **kwargs)
[rank0]:            ^^^^^^^^^^^^^^^^^^^^^^^^^^^^^^^^^^^^^^^^^^^^^^^^^^^^^^^^^^^^^^^^^^^^^^^^^^^^^^
[rank0]:   File "/PUHTI_TYKKY_Quvj2Tb/miniforge/envs/env1/lib/python3.12/site-packages/lightning/pytorch/strategies/launchers/subprocess_script.py", line 105, in launch
[rank0]:     return function(*args, **kwargs)
[rank0]:            ^^^^^^^^^^^^^^^^^^^^^^^^^
[rank0]:   File "/PUHTI_TYKKY_Quvj2Tb/miniforge/envs/env1/lib/python3.12/site-packages/lightning/pytorch/trainer/trainer.py", line 630, in _fit_impl
[rank0]:     self._run(model, ckpt_path=ckpt_path, weights_only=weights_only)
[rank0]:   File "/PUHTI_TYKKY_Quvj2Tb/miniforge/envs/env1/lib/python3.12/site-packages/lightning/pytorch/trainer/trainer.py", line 1079, in _run
[rank0]:     results = self._run_stage()
[rank0]:               ^^^^^^^^^^^^^^^^^
[rank0]:   File "/PUHTI_TYKKY_Quvj2Tb/miniforge/envs/env1/lib/python3.12/site-packages/lightning/pytorch/trainer/trainer.py", line 1121, in _run_stage
[rank0]:     self._run_sanity_check()
[rank0]:   File "/PUHTI_TYKKY_Quvj2Tb/miniforge/envs/env1/lib/python3.12/site-packages/lightning/pytorch/trainer/trainer.py", line 1150, in _run_sanity_check
[rank0]:     val_loop.run()
[rank0]:   File "/PUHTI_TYKKY_Quvj2Tb/miniforge/envs/env1/lib/python3.12/site-packages/lightning/pytorch/loops/utilities.py", line 179, in _decorator
[rank0]:     return loop_run(self, *args, **kwargs)
[rank0]:            ^^^^^^^^^^^^^^^^^^^^^^^^^^^^^^^
[rank0]:   File "/PUHTI_TYKKY_Quvj2Tb/miniforge/envs/env1/lib/python3.12/site-packages/lightning/pytorch/loops/evaluation_loop.py", line 139, in run
[rank0]:     batch, batch_idx, dataloader_idx = next(data_fetcher)
[rank0]:                                        ^^^^^^^^^^^^^^^^^^
[rank0]:   File "/PUHTI_TYKKY_Quvj2Tb/miniforge/envs/env1/lib/python3.12/site-packages/lightning/pytorch/loops/fetchers.py", line 134, in __next__
[rank0]:     batch = super().__next__()
[rank0]:             ^^^^^^^^^^^^^^^^^^
[rank0]:   File "/PUHTI_TYKKY_Quvj2Tb/miniforge/envs/env1/lib/python3.12/site-packages/lightning/pytorch/loops/fetchers.py", line 61, in __next__
[rank0]:     batch = next(self.iterator)
[rank0]:             ^^^^^^^^^^^^^^^^^^^
[rank0]:   File "/PUHTI_TYKKY_Quvj2Tb/miniforge/envs/env1/lib/python3.12/site-packages/lightning/pytorch/utilities/combined_loader.py", line 341, in __next__
[rank0]:     out = next(self._iterator)
[rank0]:           ^^^^^^^^^^^^^^^^^^^^
[rank0]:   File "/PUHTI_TYKKY_Quvj2Tb/miniforge/envs/env1/lib/python3.12/site-packages/lightning/pytorch/utilities/combined_loader.py", line 142, in __next__
[rank0]:     out = next(self.iterators[0])
[rank0]:           ^^^^^^^^^^^^^^^^^^^^^^^
[rank0]:   File "/PUHTI_TYKKY_Quvj2Tb/miniforge/envs/env1/lib/python3.12/site-packages/torch/utils/data/dataloader.py", line 708, in __next__
[rank0]:     data = self._next_data()
[rank0]:            ^^^^^^^^^^^^^^^^^
[rank0]:   File "/PUHTI_TYKKY_Quvj2Tb/miniforge/envs/env1/lib/python3.12/site-packages/torch/utils/data/dataloader.py", line 1480, in _next_data
[rank0]:     return self._process_data(data)
[rank0]:            ^^^^^^^^^^^^^^^^^^^^^^^^
[rank0]:   File "/PUHTI_TYKKY_Quvj2Tb/miniforge/envs/env1/lib/python3.12/site-packages/torch/utils/data/dataloader.py", line 1505, in _process_data
[rank0]:     data.reraise()
[rank0]:   File "/PUHTI_TYKKY_Quvj2Tb/miniforge/envs/env1/lib/python3.12/site-packages/torch/_utils.py", line 733, in reraise
[rank0]:     raise exception
[rank0]: NameError: Caught NameError in DataLoader worker process 0.
[rank0]: Original Traceback (most recent call last):
[rank0]:   File "/PUHTI_TYKKY_Quvj2Tb/miniforge/envs/env1/lib/python3.12/site-packages/torch/utils/data/_utils/worker.py", line 349, in _worker_loop
[rank0]:     data = fetcher.fetch(index)  # type: ignore[possibly-undefined]
[rank0]:            ^^^^^^^^^^^^^^^^^^^^
[rank0]:   File "/PUHTI_TYKKY_Quvj2Tb/miniforge/envs/env1/lib/python3.12/site-packages/torch/utils/data/_utils/fetch.py", line 52, in fetch
[rank0]:     data = [self.dataset[idx] for idx in possibly_batched_index]
[rank0]:             ~~~~~~~~~~~~^^^^^
[rank0]:   File "/projappl/project_2012747/mars/MarS/market_simulation/models/utils_order_model.py", line 102, in __getitem__
[rank0]:     arr = self._load_file_features(self.paths[fi], self.feature_cols)  # (N,15)
[rank0]:           ^^^^^^^^^^^^^^^^^^^^^^^^^^^^^^^^^^^^^^^^^^^^^^^^^^^^^^^^^^^
[rank0]:   File "/projappl/project_2012747/mars/MarS/market_simulation/models/utils_order_model.py", line 82, in _load_file_features
[rank0]:     return df[cols].to_numpy(dtype=np.int64, copy=False)
[rank0]:                                    ^^
[rank0]: NameError: name 'np' is not defined

[rank1]: Traceback (most recent call last):
[rank1]:   File "/projappl/project_2012747/mars/MarS/custom_code/training/train_Order_Model_lightning.py", line 186, in <module>
[rank1]:     main()
[rank1]:   File "/projappl/project_2012747/mars/MarS/custom_code/training/train_Order_Model_lightning.py", line 180, in main
[rank1]:     trainer.fit(model, dm)
[rank1]:   File "/PUHTI_TYKKY_Quvj2Tb/miniforge/envs/env1/lib/python3.12/site-packages/lightning/pytorch/trainer/trainer.py", line 584, in fit
[rank1]:     call._call_and_handle_interrupt(
[rank1]:   File "/PUHTI_TYKKY_Quvj2Tb/miniforge/envs/env1/lib/python3.12/site-packages/lightning/pytorch/trainer/call.py", line 48, in _call_and_handle_interrupt
[rank1]:     return trainer.strategy.launcher.launch(trainer_fn, *args, trainer=trainer, **kwargs)
[rank1]:            ^^^^^^^^^^^^^^^^^^^^^^^^^^^^^^^^^^^^^^^^^^^^^^^^^^^^^^^^^^^^^^^^^^^^^^^^^^^^^^
[rank1]:   File "/PUHTI_TYKKY_Quvj2Tb/miniforge/envs/env1/lib/python3.12/site-packages/lightning/pytorch/strategies/launchers/subprocess_script.py", line 105, in launch
[rank1]:     return function(*args, **kwargs)
[rank1]:            ^^^^^^^^^^^^^^^^^^^^^^^^^
[rank1]:   File "/PUHTI_TYKKY_Quvj2Tb/miniforge/envs/env1/lib/python3.12/site-packages/lightning/pytorch/trainer/trainer.py", line 630, in _fit_impl
[rank1]:     self._run(model, ckpt_path=ckpt_path, weights_only=weights_only)
[rank1]:   File "/PUHTI_TYKKY_Quvj2Tb/miniforge/envs/env1/lib/python3.12/site-packages/lightning/pytorch/trainer/trainer.py", line 1079, in _run
[rank1]:     results = self._run_stage()
[rank1]:               ^^^^^^^^^^^^^^^^^
[rank1]:   File "/PUHTI_TYKKY_Quvj2Tb/miniforge/envs/env1/lib/python3.12/site-packages/lightning/pytorch/trainer/trainer.py", line 1121, in _run_stage
[rank1]:     self._run_sanity_check()
[rank1]:   File "/PUHTI_TYKKY_Quvj2Tb/miniforge/envs/env1/lib/python3.12/site-packages/lightning/pytorch/trainer/trainer.py", line 1150, in _run_sanity_check
[rank1]:     val_loop.run()
[rank1]:   File "/PUHTI_TYKKY_Quvj2Tb/miniforge/envs/env1/lib/python3.12/site-packages/lightning/pytorch/loops/utilities.py", line 179, in _decorator
[rank1]:     return loop_run(self, *args, **kwargs)
[rank1]:            ^^^^^^^^^^^^^^^^^^^^^^^^^^^^^^^
[rank1]:   File "/PUHTI_TYKKY_Quvj2Tb/miniforge/envs/env1/lib/python3.12/site-packages/lightning/pytorch/loops/evaluation_loop.py", line 139, in run
[rank1]:     batch, batch_idx, dataloader_idx = next(data_fetcher)
[rank1]:                                        ^^^^^^^^^^^^^^^^^^
[rank1]:   File "/PUHTI_TYKKY_Quvj2Tb/miniforge/envs/env1/lib/python3.12/site-packages/lightning/pytorch/loops/fetchers.py", line 134, in __next__
[rank1]:     batch = super().__next__()
[rank1]:             ^^^^^^^^^^^^^^^^^^
[rank1]:   File "/PUHTI_TYKKY_Quvj2Tb/miniforge/envs/env1/lib/python3.12/site-packages/lightning/pytorch/loops/fetchers.py", line 61, in __next__
[rank1]:     batch = next(self.iterator)
[rank1]:             ^^^^^^^^^^^^^^^^^^^
[rank1]:   File "/PUHTI_TYKKY_Quvj2Tb/miniforge/envs/env1/lib/python3.12/site-packages/lightning/pytorch/utilities/combined_loader.py", line 341, in __next__
[rank1]:     out = next(self._iterator)
[rank1]:           ^^^^^^^^^^^^^^^^^^^^
[rank1]:   File "/PUHTI_TYKKY_Quvj2Tb/miniforge/envs/env1/lib/python3.12/site-packages/lightning/pytorch/utilities/combined_loader.py", line 142, in __next__
[rank1]:     out = next(self.iterators[0])
[rank1]:           ^^^^^^^^^^^^^^^^^^^^^^^
[rank1]:   File "/PUHTI_TYKKY_Quvj2Tb/miniforge/envs/env1/lib/python3.12/site-packages/torch/utils/data/dataloader.py", line 708, in __next__
[rank1]:     data = self._next_data()
[rank1]:            ^^^^^^^^^^^^^^^^^
[rank1]:   File "/PUHTI_TYKKY_Quvj2Tb/miniforge/envs/env1/lib/python3.12/site-packages/torch/utils/data/dataloader.py", line 1480, in _next_data
[rank1]:     return self._process_data(data)
[rank1]:            ^^^^^^^^^^^^^^^^^^^^^^^^
[rank1]:   File "/PUHTI_TYKKY_Quvj2Tb/miniforge/envs/env1/lib/python3.12/site-packages/torch/utils/data/dataloader.py", line 1505, in _process_data
[rank1]:     data.reraise()
[rank1]:   File "/PUHTI_TYKKY_Quvj2Tb/miniforge/envs/env1/lib/python3.12/site-packages/torch/_utils.py", line 733, in reraise
[rank1]:     raise exception
[rank1]: NameError: Caught NameError in DataLoader worker process 0.
[rank1]: Original Traceback (most recent call last):
[rank1]:   File "/PUHTI_TYKKY_Quvj2Tb/miniforge/envs/env1/lib/python3.12/site-packages/torch/utils/data/_utils/worker.py", line 349, in _worker_loop
[rank1]:     data = fetcher.fetch(index)  # type: ignore[possibly-undefined]
[rank1]:            ^^^^^^^^^^^^^^^^^^^^
[rank1]:   File "/PUHTI_TYKKY_Quvj2Tb/miniforge/envs/env1/lib/python3.12/site-packages/torch/utils/data/_utils/fetch.py", line 52, in fetch
[rank1]:     data = [self.dataset[idx] for idx in possibly_batched_index]
[rank1]:             ~~~~~~~~~~~~^^^^^
[rank1]:   File "/projappl/project_2012747/mars/MarS/market_simulation/models/utils_order_model.py", line 102, in __getitem__
[rank1]:     arr = self._load_file_features(self.paths[fi], self.feature_cols)  # (N,15)
[rank1]:           ^^^^^^^^^^^^^^^^^^^^^^^^^^^^^^^^^^^^^^^^^^^^^^^^^^^^^^^^^^^
[rank1]:   File "/projappl/project_2012747/mars/MarS/market_simulation/models/utils_order_model.py", line 82, in _load_file_features
[rank1]:     return df[cols].to_numpy(dtype=np.int64, copy=False)
[rank1]:                                    ^^
[rank1]: NameError: name 'np' is not defined


real	3m6.575s
user	2m54.351s
sys	1m12.711s

real	3m6.642s
user	2m52.829s
sys	1m12.381s
srun: error: r02g02: tasks 0-1: Exited with exit code 1
srun: Terminating StepId=31923678.0
