The following modules were not unloaded:
  (Use "module --force purge" to unload all):

  1) csc-tools
[rank: 0] Seed set to 42
[rank: 1] Seed set to 42
Using bfloat16 Automatic Mixed Precision (AMP)
GPU available: True (cuda), used: True
TPU available: False, using: 0 TPU cores
💡 Tip: For seamless cloud logging and experiment tracking, try installing [litlogger](https://pypi.org/project/litlogger/) to enable LitLogger, which logs metrics and artifacts automatically to the Lightning Experiments platform.
Initializing distributed: GLOBAL_RANK: 0, MEMBER: 1/2
[W208 07:19:02.957595714 socket.cpp:759] [c10d] The client socket cannot be initialized to connect to [r01g02.bullx]:24833 (errno: 97 - Address family not supported by protocol).
Initializing distributed: GLOBAL_RANK: 1, MEMBER: 2/2
[W208 07:19:02.022994215 socket.cpp:759] [c10d] The client socket cannot be initialized to connect to [r01g02.bullx]:24833 (errno: 97 - Address family not supported by protocol).
----------------------------------------------------------------------------------------------------
distributed_backend=nccl
All distributed processes registered. Starting with 2 processes
----------------------------------------------------------------------------------------------------

/PUHTI_TYKKY_Quvj2Tb/miniforge/envs/env1/lib/python3.12/site-packages/lightning/pytorch/callbacks/model_checkpoint.py:881: Checkpoint directory /projappl/project_2012747/mars/MarS/custom_code/training/checkpoints_order_model exists and is not empty.
LOCAL_RANK: 0 - CUDA_VISIBLE_DEVICES: [0,1]
LOCAL_RANK: 1 - CUDA_VISIBLE_DEVICES: [0,1]
/PUHTI_TYKKY_Quvj2Tb/miniforge/envs/env1/lib/python3.12/site-packages/lightning/pytorch/utilities/model_summary/model_summary.py:242: Precision bf16-mixed is not supported by the model summary.  Estimated model size in MB will not be accurate. Using 32 bits instead.
SLURM auto-requeueing enabled. Setting signal handlers.
SLURM auto-requeueing enabled. Setting signal handlers.
/PUHTI_TYKKY_Quvj2Tb/miniforge/envs/env1/lib/python3.12/site-packages/lightning/pytorch/trainer/connectors/logger_connector/result.py:433: It is recommended to use `self.log('val_loss', ..., sync_dist=True)` when logging on epoch level in distributed setting to accumulate the metric across devices.
`Trainer.fit` stopped: `max_steps=2000` reached.

real	10m50.378s
user	16m42.485s
sys	0m33.162s

real	10m50.430s
user	16m54.362s
sys	0m28.253s
